[timelounge.at/index.html]
[backblue.gif]
[fade.gif]
[index.html]
[timelounge.at/favicon.svg]
[timelounge.at/_nuxt/b654c88fdf46832b329c.js]
[timelounge.at/_nuxt/a3eee77413e5f64eec42.js]
[timelounge.at/_nuxt/41427e3ed83232073d99.js]
[timelounge.at/neue-gebrauchte-luxusuhren.html]
[timelounge.at/gebrauchte-luxusuhren/suche.html]
[img2.storyblok.com/550x0/filters_format(jpeg)/f/65503/2600x3000/82ffc0bea8/patek_annual_01.jpg]
[timelounge.at/en/index.html]
[img2.storyblok.com/1920x0/filters_format(jpeg)/f/65503/2362x1576/cfdd80e39e/mehr-als-nur-zeit-web-dunkler.jpg]
[img2.storyblok.com/550x0/filters_format(jpeg)/f/65503/6146x4097/aca8e22d54/auktionsergebnis-charity-25.jpg]
[img2.storyblok.com/550x0/filters_format(jpeg)/f/65503/1000x667/359802606f/space-shuttle.jpg]
[timelounge.at/index.html]
[timelounge.at/favicon.svg]
[timelounge.at/_nuxt/32d524f330a7df7f5476.js]
[timelounge.at/en/new-second-hand-luxury-watches.html]
[img2.storyblok.com/260x300/filters_format(jpeg)/f/65503/2600x3000/675847bdb3/kc051016_01.jpg]
[timelounge.at/gebrauchte-luxusuhren/C100301.html]
[img2.storyblok.com/260x300/filters_format(jpeg)/f/65503/2600x3000/82ffc0bea8/patek_annual_01.jpg]
[timelounge.at/gebrauchte-luxusuhren/c121302.html]
[img2.storyblok.com/260x300/filters_format(jpeg)/f/65503/2600x3000/df12675e63/c082505_01.jpg]
[timelounge.at/gebrauchte-luxusuhren/c082505.html]
[img2.storyblok.com/260x300/filters_format(jpeg)/f/65503/2600x3000/fd7ee7790a/c060503_01.jpg]
[timelounge.at/gebrauchte-luxusuhren/c060503.html]
[img2.storyblok.com/260x300/filters_format(jpeg)/f/65503/2600x3000/101c8d8436/1k0202_01.jpg]
[timelounge.at/gebrauchte-luxusuhren/c121802.html]
[img2.storyblok.com/260x300/filters_format(jpeg)/f/65503/2600x3000/dc4b7ccf07/5k2624_01.jpg]
[timelounge.at/gebrauchte-luxusuhren/5k2624.html]
[img2.storyblok.com/260x300/filters_format(jpeg)/f/65503/2600x3000/a8a149f055/c040102_01.jpg]
[timelounge.at/gebrauchte-luxusuhren/c082502.html]
[img2.storyblok.com/260x300/filters_format(jpeg)/f/65503/2600x3000/8e688214a4/c121101_01a.jpg]
[timelounge.at/gebrauchte-luxusuhren/c121101.html]
[img2.storyblok.com/260x300/filters_format(jpeg)/f/65503/2600x3000/9f8155ec8c/c121103_01.jpg]
[timelounge.at/gebrauchte-luxusuhren/c121103.html]
[img2.storyblok.com/260x300/filters_format(jpeg)/f/65503/2600x3000/d43e47b3ad/c121102_01.jpg]
[timelounge.at/gebrauchte-luxusuhren/c121102.html]
[img2.storyblok.com/260x300/filters_format(jpeg)/f/65503/2600x3000/b3d971740e/c120202_01.jpg]
[timelounge.at/neue-gebrauchte-luxusuhren.html]
[timelounge.at/gebrauchte-luxusuhren/c120202.html]
[timelounge.at/gebrauchte-luxusuhren/suche.html]
[timelounge.at/en/index.html]
[timelounge.at/en/second-hand-luxury-watches/search.html]
[timelounge.at/en/second-hand-luxury-watches/C100301.html]
[timelounge.at/en/second-hand-luxury-watches/c121302.html]
[timelounge.at/en/second-hand-luxury-watches/c082505.html]
[timelounge.at/en/second-hand-luxury-watches/c060503.html]
[timelounge.at/en/second-hand-luxury-watches/c121802.html]
[timelounge.at/en/second-hand-luxury-watches/5k2624.html]
[timelounge.at/en/second-hand-luxury-watches/c082502.html]
[timelounge.at/en/second-hand-luxury-watches/c121101.html]
[timelounge.at/en/second-hand-luxury-watches/c121103.html]
[timelounge.at/en/second-hand-luxury-watches/c121102.html]
[timelounge.at/en/new-second-hand-luxury-watches.html]
[img2.storyblok.com/750x0/filters_format(jpeg)/f/65503/3000x2639/c2d547c5b7/patek-philippe-grande-complications.jpg]
[img2.storyblok.com/750x0/filters_format(jpeg)/f/65503/5551x3701/6d1ed3903c/1323409532-huge.jpg]
[img2.storyblok.com/750x0/filters_format(jpeg)/f/65503/2600x2600/b0f50c20be/a2540_01.jpg]
[timelounge.at/en/second-hand-luxury-watches/c120202.html]
[timelounge.at/_nuxt/img/5ae20eb.svg]
[timelounge.at/_nuxt/img/05df494.svg]
[timelounge.at/_nuxt/img/1697c20.svg]
[img2.storyblok.com/550x0/filters_format(jpeg)/f/65503/2600x1463/a6fe57dee1/a2540_03.jpg]
[img2.storyblok.com/260x300/filters_format(jpeg)/f/65503/2600x3000/5328e2ca9c/pp_01.jpg]
[timelounge.at/gebrauchte-luxusuhren/4e0801.html]
[img2.storyblok.com/260x300/filters_format(jpeg)/f/65503/2600x3000/1f513e0a86/c051203_01.jpg]
[timelounge.at/gebrauchte-luxusuhren/c112402.html]
[img2.storyblok.com/260x300/filters_format(jpeg)/f/65503/2600x3000/ffb0ac448c/c092601_01.jpg]
[timelounge.at/gebrauchte-luxusuhren/c092601.html]
[img2.storyblok.com/260x300/filters_format(jpeg)/f/65503/2600x3000/a7dd810d33/c090601_01.jpg]
[timelounge.at/gebrauchte-luxusuhren/C100301.html]
[timelounge.at/gebrauchte-luxusuhren/c121302.html]
[img2.storyblok.com/750x0/filters_format(jpeg)/f/65503/3000x2636/1b8adc8e37/patek-philippe-komplizierte-uhren.jpg]
[img2.storyblok.com/550x0/filters_format(jpeg)/f/65503/2600x3000/9935d8ba24/6t0813_01.jpg]
[timelounge.at/_nuxt/img/853a7b2.svg]
[timelounge.at/gebrauchte-luxusuhren/c090601.html]
[img2.storyblok.com/260x300/filters_format(jpeg)/f/65503/2600x3000/aa5bc491db/c032926_01.jpg]
[img2.storyblok.com/260x300/filters_format(jpeg)/f/65503/2600x3000/cf082fcefb/c042501_02.jpg]
[timelounge.at/gebrauchte-luxusuhren/c032926.html]
[timelounge.at/gebrauchte-luxusuhren/c042501.html]
[img2.storyblok.com/260x300/filters_format(jpeg)/f/65503/2600x3000/ca080b7009/8t2001_01.jpg]
[timelounge.at/gebrauchte-luxusuhren/8t2001.html]
[img2.storyblok.com/260x300/filters_format(jpeg)/f/65503/2600x3000/7195bf292b/8t0602_01.jpg]
[img2.storyblok.com/260x300/filters_format(jpeg)/f/65503/2600x3000/fc5555e99e/6r1301_01.jpg]
[timelounge.at/gebrauchte-luxusuhren/c082505.html]
[img2.storyblok.com/750x0/filters_format(jpeg)/f/65503/2600x2600/6ec475c706/3e3012_02.jpg]
[img2.storyblok.com/260x300/filters_format(jpeg)/f/65503/2600x3000/0e3319515b/c091002_01.jpg]
[timelounge.at/gebrauchte-luxusuhren/c091002.html]
[img2.storyblok.com/260x300/filters_format(jpeg)/f/65503/2600x3000/c163339f1e/c091003_01.jpg]
[timelounge.at/gebrauchte-luxusuhren/c091003.html]
[img2.storyblok.com/260x300/filters_format(jpeg)/f/65503/2600x3000/28155e0372/p10_01.jpg]
[timelounge.at/gebrauchte-luxusuhren/p10.html]
[img2.storyblok.com/260x300/filters_format(jpeg)/f/65503/2600x3000/c5e01fb2d9/c111501_01.jpg]
[timelounge.at/gebrauchte-luxusuhren/c111501.html]
[img2.storyblok.com/260x300/filters_format(jpeg)/f/65503/2600x3000/c2e08b4275/f100801a_01.jpg]
[timelounge.at/gebrauchte-luxusuhren/c060503.html]
[img2.storyblok.com/750x0/filters_format(jpeg)/f/65503/1600x2000/3737ee9e4b/submariner.jpg]
[img2.storyblok.com/750x0/filters_format(jpeg)/f/65503/2600x1858/ec22599676/keramik-lynette-sub-2.jpg]
[img2.storyblok.com/750x0/filters_format(jpeg)/f/65503/3000x3000/98f2a3cca5/_-11.jpg]
[timelounge.at/gebrauchte-luxusuhren/f100801a.html]
[timelounge.at/gebrauchte-luxusuhren/c111504.html]
[img2.storyblok.com/260x300/filters_format(jpeg)/f/65503/2600x3000/19881640c7/6r1501_01.jpg]
[timelounge.at/gebrauchte-luxusuhren/c110401.html]
[img2.storyblok.com/260x300/filters_format(jpeg)/f/65503/2600x3000/b49fcc0f3b/2r0538_01.jpg]
[timelounge.at/gebrauchte-luxusuhren/c111503.html]
[img2.storyblok.com/260x300/filters_format(jpeg)/f/65503/2600x3000/b4b77b5697/3s3102_01.jpg]
[timelounge.at/gebrauchte-luxusuhren/c111506.html]
[img2.storyblok.com/260x300/filters_format(jpeg)/f/65503/2600x3000/a066550daa/c072503_01.jpg]
[timelounge.at/gebrauchte-luxusuhren/c121802.html]
[img2.storyblok.com/750x0/filters_format(jpeg)/f/65503/1600x2000/19d288f3e7/iwc-perpetual-1.jpg]
[img2.storyblok.com/750x0/filters_format(jpeg)/f/65503/2600x2600/195ab2b477/3t0402_01.jpg]
[timelounge.at/gebrauchte-luxusuhren/c072503.html]
[img2.storyblok.com/260x300/filters_format(jpeg)/f/65503/2600x3000/b760c51b01/f051003b_01.jpg]
[timelounge.at/gebrauchte-luxusuhren/f051003b.html]
[img2.storyblok.com/260x300/filters_format(jpeg)/f/65503/2600x3000/1445e6e298/kc120401_01.jpg]
[img2.storyblok.com/260x300/filters_format(jpeg)/f/65503/2600x3000/1b0c3598d2/6i2802_01.jpg]
[timelounge.at/gebrauchte-luxusuhren/kc120401.html]
[timelounge.at/gebrauchte-luxusuhren/5k2624.html]
[img2.storyblok.com/260x300/filters_format(jpeg)/f/65503/2600x3000/3cee97fae6/c103101_01.jpg]
[img2.storyblok.com/750x0/filters_format(jpeg)/f/65503/1600x2000/a66638a11e/sea-dweller.jpg]
[timelounge.at/gebrauchte-luxusuhren/c100701.html]
[img2.storyblok.com/260x300/filters_format(jpeg)/f/65503/2600x3000/2f4d081961/c121501_01.jpg]
[timelounge.at/gebrauchte-luxusuhren/c103101.html]
[img2.storyblok.com/260x300/filters_format(jpeg)/f/65503/2600x3000/df41e5aa2e/f281002b_01.jpg]
[timelounge.at/gebrauchte-luxusuhren/c121501.html]
[img2.storyblok.com/260x300/filters_format(jpeg)/f/65503/2600x3000/38335d682a/5a0630_01.jpg]
[timelounge.at/gebrauchte-luxusuhren/c121805.html]
[img2.storyblok.com/260x300/filters_format(jpeg)/f/65503/2600x3000/41bede7514/1i2601_01.jpg]
[timelounge.at/gebrauchte-luxusuhren/c082502.html]
[timelounge.at/gebrauchte-luxusuhren/c121804.html]
[img2.storyblok.com/750x0/filters_format(jpeg)/f/65503/1600x2000/b9800c7b72/pam-luminor-1.jpg]
[img2.storyblok.com/750x0/filters_format(jpeg)/f/65503/2600x2600/a9dbe2a5e9/2r0527_01.jpg]
[timelounge.at/gebrauchte-luxusuhren/c112601.html]
[img2.storyblok.com/260x300/filters_format(jpeg)/f/65503/2600x3000/3096979385/c102901_01.jpg]
[timelounge.at/gebrauchte-luxusuhren/c121101.html]
[img2.storyblok.com/750x0/filters_format(jpeg)/f/65503/1600x2000/7f0f74cdf1/7r_09083_web.jpg]
[timelounge.at/gebrauchte-luxusuhren/c102901.html]
[img2.storyblok.com/260x300/filters_format(jpeg)/f/65503/2600x3000/458c6c0034/c090602_01.jpg]
[timelounge.at/gebrauchte-luxusuhren/c090602.html]
[img2.storyblok.com/260x300/filters_format(jpeg)/f/65503/2600x3000/88b4e8957f/c032914_01.jpg]
[img2.storyblok.com/260x300/filters_format(jpeg)/f/65503/2600x3000/4bb7f3809c/c062112_01.jpg]
[timelounge.at/gebrauchte-luxusuhren/c032914.html]
[timelounge.at/gebrauchte-luxusuhren/c121103.html]
[img2.storyblok.com/260x300/filters_format(jpeg)/f/65503/2600x3000/011a98a22a/c032912_01.jpg]
[img2.storyblok.com/750x0/filters_format(jpeg)/f/65503/2600x2600/2279167a65/1k2555_03.jpg]
[timelounge.at/gebrauchte-luxusuhren/c062112.html]
[img2.storyblok.com/260x300/filters_format(jpeg)/f/65503/2600x3000/669ec5ac8f/2i2301_01.jpg]
[timelounge.at/gebrauchte-luxusuhren/c032912.html]
[img2.storyblok.com/260x300/filters_format(jpeg)/f/65503/2600x3000/11b44ea0cc/c052608_01.jpg]
[timelounge.at/gebrauchte-luxusuhren/c091901.html]
[timelounge.at/gebrauchte-luxusuhren/c052608.html]
[img2.storyblok.com/260x300/filters_format(jpeg)/f/65503/2600x3000/95438b56ad/f060803b_01.jpg]
[timelounge.at/gebrauchte-luxusuhren/f060803b.html]
[img2.storyblok.com/260x300/filters_format(jpeg)/f/65503/2600x3000/4b1038aecf/f151101a_01.jpg]
[timelounge.at/gebrauchte-luxusuhren/f151101a.html]
[img2.storyblok.com/260x300/filters_format(jpeg)/f/65503/2600x3000/1b5dc1ac9c/4072031_01.jpg]
[timelounge.at/gebrauchte-luxusuhren/c121102.html]
[img2.storyblok.com/750x0/filters_format(jpeg)/f/65503/2600x2600/8bb754dc41/8042401_01.jpg]
[img2.storyblok.com/260x300/filters_format(jpeg)/f/65503/2600x3000/e771018b62/k7k0901_01.jpg]
[timelounge.at/gebrauchte-luxusuhren/4072031.html]
[timelounge.at/gebrauchte-luxusuhren/k7k0901.html]
[timelounge.at/gebrauchte-luxusuhren/p55.html]
[img2.storyblok.com/260x300/filters_format(jpeg)/f/65503/2600x3000/6e15dc2392/p55_01.jpg]
[timelounge.at/gebrauchte-luxusuhren/8042401.html]
[img2.storyblok.com/260x300/filters_format(jpeg)/f/65503/2600x3000/497537e6af/8042401_01.jpg]
[timelounge.at/gebrauchte-luxusuhren/c120202.html]
[timelounge.at/en/second-hand-luxury-watches/search.html]
[p.typekit.net/p560f.css]
[timelounge.at/en/second-hand-luxury-watches/4e0801.html]
[timelounge.at/en/second-hand-luxury-watches/c112402.html]
[timelounge.at/en/second-hand-luxury-watches/c092601.html]
[timelounge.at/en/second-hand-luxury-watches/C100301.html]
[timelounge.at/en/second-hand-luxury-watches/c121302.html]
[timelounge.at/en/second-hand-luxury-watches/c090601.html]
[timelounge.at/en/second-hand-luxury-watches/c032926.html]
[timelounge.at/en/second-hand-luxury-watches/c042501.html]
[timelounge.at/en/second-hand-luxury-watches/8t2001.html]
[timelounge.at/en/second-hand-luxury-watches/8t0602.html]
[timelounge.at/en/second-hand-luxury-watches/c082505.html]
[timelounge.at/en/second-hand-luxury-watches/6r1301.html]
[timelounge.at/en/second-hand-luxury-watches/c091002.html]
[timelounge.at/en/second-hand-luxury-watches/c091003.html]
[timelounge.at/en/second-hand-luxury-watches/p10.html]
[timelounge.at/en/second-hand-luxury-watches/c111501.html]
[timelounge.at/en/second-hand-luxury-watches/c060503.html]
[timelounge.at/en/second-hand-luxury-watches/f100801a.html]
[timelounge.at/en/second-hand-luxury-watches/c111504.html]
[timelounge.at/en/second-hand-luxury-watches/c110401.html]
[timelounge.at/en/second-hand-luxury-watches/c111503.html]
[timelounge.at/en/second-hand-luxury-watches/c111506.html]
[timelounge.at/en/second-hand-luxury-watches/c121802.html]
[timelounge.at/en/second-hand-luxury-watches/c072503.html]
[timelounge.at/en/second-hand-luxury-watches/f051003b.html]
[timelounge.at/en/second-hand-luxury-watches/kc120401.html]
[timelounge.at/en/second-hand-luxury-watches/c100701.html]
[timelounge.at/en/second-hand-luxury-watches/5k2624.html]
[timelounge.at/en/second-hand-luxury-watches/c103101.html]
[timelounge.at/en/second-hand-luxury-watches/c121501.html]
[timelounge.at/en/second-hand-luxury-watches/c121805.html]
[timelounge.at/en/second-hand-luxury-watches/c121804.html]
[timelounge.at/en/second-hand-luxury-watches/c082502.html]
[timelounge.at/en/second-hand-luxury-watches/c112601.html]
[timelounge.at/en/second-hand-luxury-watches/c121101.html]
[timelounge.at/en/second-hand-luxury-watches/c102901.html]
[timelounge.at/en/second-hand-luxury-watches/c090602.html]
[timelounge.at/en/second-hand-luxury-watches/c062112.html]
[timelounge.at/en/second-hand-luxury-watches/c032914.html]
[timelounge.at/en/second-hand-luxury-watches/c121103.html]
[timelounge.at/en/second-hand-luxury-watches/c032912.html]
[timelounge.at/en/second-hand-luxury-watches/c091901.html]
[timelounge.at/en/second-hand-luxury-watches/f060803b.html]
[timelounge.at/en/second-hand-luxury-watches/c052608.html]
[timelounge.at/en/second-hand-luxury-watches/f151101a.html]
[timelounge.at/en/second-hand-luxury-watches/c121102.html]
[timelounge.at/en/second-hand-luxury-watches/4072031.html]
[timelounge.at/en/second-hand-luxury-watches/k7k0901.html]
[timelounge.at/en/second-hand-luxury-watches/c120202.html]
[timelounge.at/_nuxt/img/5ae20eb.svg]
[timelounge.at/_nuxt/img/05df494.svg]
[timelounge.at/_nuxt/img/1697c20.svg]
[timelounge.at/en/second-hand-luxury-watches/p55.html]
[timelounge.at/en/second-hand-luxury-watches/8042401.html]
[img2.storyblok.com/750x0/filters_format(jpeg)/f/65503/2048x1152/e6e619a368/twv-patek-perpetual-calendar-chronograph-5270g-3.jpg]
[timelounge.at/gebrauchte-luxusuhren/4e0801.html]
[img2.storyblok.com/750x0/filters_format(jpeg)/f/65503/2000x1600/1fa816854b/pp-twenty-four.jpg]
[img2.storyblok.com/260x300/filters_format(jpeg)/f/65503/2600x3000/017645ca57/c081401_01.jpg]
[timelounge.at/gebrauchte-luxusuhren/c112402.html]
[img2.storyblok.com/750x0/filters_format(jpeg)/f/65503/2000x1600/f3733ec0eb/ellipse.jpg]
[img2.storyblok.com/260x300/filters_format(jpeg)/f/65503/2600x3000/7ead39af5f/c081801_01.jpg]
[timelounge.at/gebrauchte-luxusuhren/c092601.html]
[img2.storyblok.com/750x0/filters_format(jpeg)/f/65503/1333x2000/86061c4760/5711-wrist.jpg]
[img2.storyblok.com/550x0/filters_format(jpeg)/f/65503/1333x750/66d0e09eb2/5711-wrist.jpg]
[timelounge.at/gebrauchte-luxusuhren/c081801.html]
[img2.storyblok.com/260x300/filters_format(jpeg)/f/65503/2600x3000/941088f847/c051012_01-2.jpg]
[timelounge.at/gebrauchte-luxusuhren/c051012.html]
[timelounge.at/gebrauchte-luxusuhren/c030701.html]
[img2.storyblok.com/260x300/filters_format(jpeg)/f/65503/2600x3000/5137d03836/hla_01.jpg]
[img2.storyblok.com/260x300/filters_format(jpeg)/f/65503/2600x3000/9d2285d48e/k6a1801_01.jpg]
[timelounge.at/gebrauchte-luxusuhren/6k0502.html]
[img2.storyblok.com/260x300/filters_format(jpeg)/f/65503/2600x3000/5ceeaad43d/6t1501_01.jpg]
[timelounge.at/gebrauchte-luxusuhren/5r2801.html]
[img2.storyblok.com/260x300/filters_format(jpeg)/f/65503/2600x3000/ba2bd57d56/a2530_01.jpg]
[timelounge.at/gebrauchte-luxusuhren/c090601.html]
[timelounge.at/_nuxt/img/853a7b2.svg]
[timelounge.at/gebrauchte-luxusuhren/c032926.html]
[timelounge.at/gebrauchte-luxusuhren/c042501.html]
[timelounge.at/gebrauchte-luxusuhren/8t2001.html]
[timelounge.at/gebrauchte-luxusuhren/c091002.html]
[timelounge.at/gebrauchte-luxusuhren/c091003.html]
[timelounge.at/gebrauchte-luxusuhren/p10.html]
[img2.storyblok.com/750x0/filters_format(jpeg)/f/65503/2000x1600/2d150f7cb9/lange1.jpg]
[timelounge.at/_nuxt/img/1d5c996.html]
[timelounge.at/gebrauchte-luxusuhren/a2530.html]
[timelounge.at/gebrauchte-luxusuhren/6r1301.html]
[timelounge.at/gebrauchte-luxusuhren/7e0803.html]
[img2.storyblok.com/260x300/filters_format(jpeg)/f/65503/2600x3000/f65475ce5e/7e0802_01.jpg]
[timelounge.at/gebrauchte-luxusuhren/c111501.html]
[timelounge.at/gebrauchte-luxusuhren/f100801a.html]
[timelounge.at/gebrauchte-luxusuhren/c111504.html]
[timelounge.at/gebrauchte-luxusuhren/c110401.html]
[img2.storyblok.com/750x0/filters_format(jpeg)/f/65503/3000x2000/c4d4106ac6/_-23.jpg]
[timelounge.at/gebrauchte-luxusuhren/c111503.html]
[timelounge.at/gebrauchte-luxusuhren/c111506.html]
[img2.storyblok.com/750x0/filters_format(jpeg)/f/65503/3000x3000/2987c44472/_-8.jpg]
[timelounge.at/gebrauchte-luxusuhren/c072503.html]
[timelounge.at/gebrauchte-luxusuhren/f051003b.html]
[img2.storyblok.com/750x0/filters_format(jpeg)/f/65503/2000x1600/2d2022d83c/iwc-fliegerchrono.jpg]
[img2.storyblok.com/260x300/filters_format(jpeg)/f/65503/2600x3000/f40b654868/p21_01.jpg]
[timelounge.at/gebrauchte-luxusuhren/p21.html]
[img2.storyblok.com/260x300/filters_format(jpeg)/f/65503/2600x3000/e4747fd3bf/f161102a_01.jpg]
[timelounge.at/gebrauchte-luxusuhren/kc120401.html]
[timelounge.at/gebrauchte-luxusuhren/c100701.html]
[img2.storyblok.com/260x300/filters_format(jpeg)/f/65503/2600x3000/ab46c271c1/c102801_01.jpg]
[timelounge.at/gebrauchte-luxusuhren/c103101.html]
[img2.storyblok.com/750x0/filters_format(jpeg)/f/65503/1600x2000/e18421bf91/lady-datejust.jpg]
[img2.storyblok.com/750x0/filters_format(jpeg)/f/65503/3000x3000/b3d406494a/_-22.jpg]
[timelounge.at/gebrauchte-luxusuhren/c052603.html]
[img2.storyblok.com/750x0/filters_format(jpeg)/f/65503/2000x3000/385bc93997/_-3.jpg]
[timelounge.at/gebrauchte-luxusuhren/c102801.html]
[img2.storyblok.com/550x0/filters_format(jpeg)/f/65503/2000x1333/e2f8737040/rolex-jubilee_xt3a8604_web.jpg]
[img2.storyblok.com/260x300/filters_format(jpeg)/f/65503/2600x3000/a43014d18e/c100409_01.jpg]
[timelounge.at/gebrauchte-luxusuhren/c100409.html]
[img2.storyblok.com/260x300/filters_format(jpeg)/f/65503/2600x3000/a6d5fa446e/c100408_01.jpg]
[img2.storyblok.com/260x300/filters_format(jpeg)/f/65503/2600x3000/b74f2f9b6a/c090612_01.jpg]
[timelounge.at/gebrauchte-luxusuhren/c121501.html]
[img2.storyblok.com/750x0/filters_format(jpeg)/f/65503/1600x2000/9e1360b982/yacht-master.jpg]
[img2.storyblok.com/750x0/filters_format(jpeg)/f/65503/2048x1365/d9fad35e7c/sa103215_web.jpg]
[timelounge.at/gebrauchte-luxusuhren/c100408.html]
[img2.storyblok.com/750x0/filters_format(jpeg)/f/65503/800x533/1fbc86b55a/maxi-yacht-rolex-cup-photo-credit-to-carlo-borlenghi_rolex.jpg]
[timelounge.at/gebrauchte-luxusuhren/c090612.html]
[timelounge.at/gebrauchte-luxusuhren/c121805.html]
[img2.storyblok.com/750x0/filters_format(jpeg)/f/65503/1333x2000/eacb28d2ba/explorer-ii.jpg]
[timelounge.at/gebrauchte-luxusuhren/c111505.html]
[img2.storyblok.com/260x300/filters_format(jpeg)/f/65503/2600x3000/5435fb2431/8r1801_01.jpg]
[img2.storyblok.com/260x300/filters_format(jpeg)/f/65503/2600x3000/86f41a4fd8/c090802_01.jpg]
[timelounge.at/gebrauchte-luxusuhren/c090802.html]
[timelounge.at/gebrauchte-luxusuhren/6i0815.html]
[img2.storyblok.com/260x300/filters_format(jpeg)/f/65503/2600x3000/852fe01884/7s2816_01.jpg]
[img2.storyblok.com/260x300/filters_format(jpeg)/f/65503/2600x3000/a584fb78bd/c012303_01.jpg]
[timelounge.at/gebrauchte-luxusuhren/c012303.html]
[img2.storyblok.com/260x300/filters_format(jpeg)/f/65503/2600x3000/6c2d1c7cd9/6r1822_01.jpg]
[timelounge.at/gebrauchte-luxusuhren/c121804.html]
[img2.storyblok.com/750x0/filters_format(jpeg)/f/65503/1600x2000/ec3d148362/yacht-master-ii.jpg]
[timelounge.at/gebrauchte-luxusuhren/c112601.html]
[timelounge.at/gebrauchte-luxusuhren/c102901.html]
[timelounge.at/gebrauchte-luxusuhren/c090602.html]
[timelounge.at/gebrauchte-luxusuhren/c032914.html]
[timelounge.at/gebrauchte-luxusuhren/c062112.html]
[timelounge.at/gebrauchte-luxusuhren/c032912.html]
[timelounge.at/gebrauchte-luxusuhren/c091901.html]
[img2.storyblok.com/750x0/filters_format(jpeg)/f/65503/1333x2000/54436fe960/hublot-big-bang-pocket.jpg]
[timelounge.at/gebrauchte-luxusuhren/c052608.html]
[timelounge.at/gebrauchte-luxusuhren/f060803b.html]
[timelounge.at/gebrauchte-luxusuhren/f151101a.html]
[timelounge.at/gebrauchte-luxusuhren/4072031.html]
[timelounge.at/gebrauchte-luxusuhren/k7k0901.html]
[timelounge.at/gebrauchte-luxusuhren/p55.html]
[timelounge.at/gebrauchte-luxusuhren/8042401.html]
[timelounge.at/en/second-hand-luxury-watches/4e0801.html]
[timelounge.at/gebrauchte-luxusuhren/6r1822.html]
[timelounge.at/en/second-hand-luxury-watches/c112402.html]
[timelounge.at/en/second-hand-luxury-watches/c092601.html]
[timelounge.at/en/second-hand-luxury-watches/c081401.html]
[timelounge.at/en/second-hand-luxury-watches/c081801.html]
[timelounge.at/en/second-hand-luxury-watches/c051012.html]
[timelounge.at/en/second-hand-luxury-watches/c030701.html]
[timelounge.at/en/second-hand-luxury-watches/6k0502.html]
[timelounge.at/en/second-hand-luxury-watches/5r2801.html]
[timelounge.at/en/second-hand-luxury-watches/c090601.html]
[timelounge.at/en/second-hand-luxury-watches/c032926.html]
[timelounge.at/en/second-hand-luxury-watches/c042501.html]
[timelounge.at/en/second-hand-luxury-watches/8t2001.html]
[timelounge.at/en/second-hand-luxury-watches/8t0602.html]
[timelounge.at/en/second-hand-luxury-watches/6r1301.html]
[timelounge.at/en/second-hand-luxury-watches/c091002.html]
[timelounge.at/en/second-hand-luxury-watches/c091003.html]
[timelounge.at/en/second-hand-luxury-watches/p10.html]
[timelounge.at/en/second-hand-luxury-watches/a2530.html]
[timelounge.at/en/second-hand-luxury-watches/c111501.html]
[timelounge.at/en/second-hand-luxury-watches/f100801a.html]
[timelounge.at/en/second-hand-luxury-watches/c111504.html]
[timelounge.at/en/second-hand-luxury-watches/c110401.html]
[timelounge.at/en/second-hand-luxury-watches/c111503.html]
[timelounge.at/en/second-hand-luxury-watches/c111506.html]
[timelounge.at/en/second-hand-luxury-watches/c072503.html]
[timelounge.at/en/second-hand-luxury-watches/f051003b.html]
[timelounge.at/en/second-hand-luxury-watches/7e0803.html]
[timelounge.at/en/second-hand-luxury-watches/p21.html]
[timelounge.at/en/second-hand-luxury-watches/kc120401.html]
[timelounge.at/en/second-hand-luxury-watches/c100701.html]
[timelounge.at/en/second-hand-luxury-watches/c052603.html]
[timelounge.at/en/second-hand-luxury-watches/c103101.html]
[timelounge.at/en/second-hand-luxury-watches/c102801.html]
[timelounge.at/en/second-hand-luxury-watches/c100409.html]
[timelounge.at/en/second-hand-luxury-watches/c100408.html]
[timelounge.at/en/second-hand-luxury-watches/c121501.html]
[timelounge.at/en/second-hand-luxury-watches/c121805.html]
[timelounge.at/en/second-hand-luxury-watches/c090612.html]
[timelounge.at/en/second-hand-luxury-watches/c111505.html]
[timelounge.at/en/second-hand-luxury-watches/c090802.html]
[timelounge.at/en/second-hand-luxury-watches/6i0815.html]
[timelounge.at/en/second-hand-luxury-watches/c012303.html]
[timelounge.at/en/second-hand-luxury-watches/c121804.html]
[timelounge.at/en/second-hand-luxury-watches/c112601.html]
[timelounge.at/en/second-hand-luxury-watches/c102901.html]
[timelounge.at/en/second-hand-luxury-watches/c090602.html]
[timelounge.at/en/second-hand-luxury-watches/c032914.html]
[timelounge.at/en/second-hand-luxury-watches/c062112.html]
[timelounge.at/en/second-hand-luxury-watches/c032912.html]
[timelounge.at/en/second-hand-luxury-watches/c091901.html]
[timelounge.at/en/second-hand-luxury-watches/c052608.html]
[timelounge.at/en/second-hand-luxury-watches/f060803b.html]
[timelounge.at/en/second-hand-luxury-watches/f151101a.html]
[timelounge.at/en/second-hand-luxury-watches/4072031.html]
[timelounge.at/en/second-hand-luxury-watches/k7k0901.html]
[timelounge.at/en/second-hand-luxury-watches/p55.html]
[timelounge.at/en/second-hand-luxury-watches/8042401.html]
[timelounge.at/gebrauchte-luxusuhren/c081801.html]
[img2.storyblok.com/750x0/filters_format(jpeg)/f/65503/1333x2000/5e5b415e50/nautilus-chrono-travel-time.jpg]
[timelounge.at/gebrauchte-luxusuhren/c051012.html]
[timelounge.at/gebrauchte-luxusuhren/c030701.html]
[timelounge.at/gebrauchte-luxusuhren/6k0502.html]
[img2.storyblok.com/750x0/filters_format(jpeg)/f/65503/2048x1152/2f037c8dc0/twv-patek-nautilus-chrono-5980.jpg]
[timelounge.at/gebrauchte-luxusuhren/5r2801.html]
[img2.storyblok.com/750x0/filters_format(jpeg)/f/65503/3840x2160/ef9c05cde5/twv-patek-nautilus-5711j-001.jpg]
[timelounge.at/gebrauchte-luxusuhren/a2530.html]
[timelounge.at/gebrauchte-luxusuhren/6r1301.html]
[timelounge.at/_nuxt/img/1d5c996.html]
[timelounge.at/gebrauchte-luxusuhren/7e0803.html]
[timelounge.at/en/second-hand-luxury-watches/6r1822.html]
[timelounge.at/gebrauchte-luxusuhren/p21.html]
[img2.storyblok.com/750x0/filters_format(jpeg)/f/65503/2000x1600/d5d40ff868/iwc-grosse-fliegeruhr.jpg]
[img2.storyblok.com/550x0/filters_format(jpeg)/f/65503/2292x1747/c1e2d1d244/1a1501_3.jpg]
[timelounge.at/gebrauchte-luxusuhren/c052603.html]
[timelounge.at/gebrauchte-luxusuhren/c102801.html]
[timelounge.at/gebrauchte-luxusuhren/c100409.html]
[timelounge.at/gebrauchte-luxusuhren/c100408.html]
[img2.storyblok.com/750x0/filters_format(jpeg)/f/65503/3000x3000/71ff53f42b/_-10.jpg]
[timelounge.at/gebrauchte-luxusuhren/c081401]
[timelounge.at/gebrauchte-luxusuhren/c090612.html]
[timelounge.at/gebrauchte-luxusuhren/c111505.html]
[img2.storyblok.com/750x0/filters_format(jpeg)/f/65503/1600x2000/0381dafc4b/explorer1.jpg]
[timelounge.at/gebrauchte-luxusuhren/c090802.html]
[img2.storyblok.com/750x0/filters_format(jpeg)/f/65503/2000x3000/124cfd2727/_-4.jpg]
[timelounge.at/gebrauchte-luxusuhren/6i0815.html]
[timelounge.at/gebrauchte-luxusuhren/c012303.html]
[timelounge.at/gebrauchte-luxusuhren/6r1822.html]
[timelounge.at/en/second-hand-luxury-watches/c081401.html]
[timelounge.at/en/second-hand-luxury-watches/c081801.html]
[timelounge.at/en/second-hand-luxury-watches/c051012.html]
[timelounge.at/en/second-hand-luxury-watches/c030701.html]
[timelounge.at/en/second-hand-luxury-watches/6k0502.html]
[timelounge.at/en/second-hand-luxury-watches/5r2801.html]
[timelounge.at/en/second-hand-luxury-watches/a2530.html]
[timelounge.at/en/second-hand-luxury-watches/7e0803.html]
[timelounge.at/en/second-hand-luxury-watches/p21.html]
[timelounge.at/en/second-hand-luxury-watches/c052603.html]
[timelounge.at/en/second-hand-luxury-watches/c102801.html]
[timelounge.at/en/second-hand-luxury-watches/c100409.html]
[timelounge.at/en/second-hand-luxury-watches/c100408.html]
[timelounge.at/en/second-hand-luxury-watches/c090612.html]
[timelounge.at/en/second-hand-luxury-watches/c111505.html]
[timelounge.at/en/second-hand-luxury-watches/c090802.html]
[timelounge.at/en/second-hand-luxury-watches/6i0815.html]
[timelounge.at/en/second-hand-luxury-watches/c012303.html]
[timelounge.at/en/second-hand-luxury-watches/6r1822.html]
[timelounge.at/gebrauchte-luxusuhren/c081401]
[timelounge.at/gebrauchte-luxusuhren/8t0602.html]
